id: prefer-lambda-alias
snapshots:
  ? |
    (lambda [a b]
     (+ a b))
  : fixed: |
      (Î» [a b] (+ a b))
    labels:
    - source: |-
        (lambda [a b]
         (+ a b))
      style: primary
      start: 0
      end: 23
